{"id":"eng_C01","selectors":{"lang":"eng","abbr":"C01"},"hasMapping":false,"documents":[{"id":"OTU2NDc3MzYt","bookCode":"MAT","h":"Matthew","toc":"The Good News According to Matthew","toc2":"Matthew","toc3":"Mat","sequences":[],"hasIntroduction":false,"versesByChapters":{"1":{"1":"1","2":"2","3":"3","4":"4"}}},{"id":"NDMyNTIyNDct","bookCode":"MRK","h":"Mark","toc":"The Good News According to Mark","toc2":"Mark","toc3":"Mrk","sequences":[],"hasIntroduction":false,"versesByChapters":{"1":{"1":"1","2":"2","3":"3","4":"4","5":"5"},"2":{"1":"1","2":"2"}}}],"tags":{},"quizzes":[],"htmlBooks":[]}