{"id":"grc_C02","selectors":{"lang":"grc","abbr":"C02"},"hasMapping":false,"documents":[{"id":"ZGEzOTM4MzUt","bookCode":"JHN","h":"John","toc":"ΕΥΑΓΓΕΛΙΟΝ ΚΑΤΑ ΙΩΑΝΝΗΝ","toc2":"ΚΑΤΑ ΙΩΑΝΝΗΝ","toc3":"ΚΑΤΑ ΙΩΑΝΝΗΝ","sequences":[],"hasIntroduction":false,"versesByChapters":{"1":{"1":"1","2":"2","3":"3","4":"4","5":"5","6":"6","7":"7","8":"8","9":"9","10":"10"}}}],"tags":{},"quizzes":[],"htmlBooks":[]}